---
http_interactions:
- request:
    method: post
    uri: https://oauth2.googleapis.com/token
    body:
      encoding: ASCII-8BIT
      string: grant_type=refresh_token&refresh_token=<GOOGLE_REFRESH_TOKEN>&client_id=<GOOGLE_CLIENT_ID>&client_secret=<GOOGLE_CLIENT_SECRET>
    headers:
      User-Agent:
      - Faraday v2.14.0
      Content-Type:
      - application/x-www-form-urlencoded
      Accept-Encoding:
      - gzip;q=1.0,deflate;q=0.6,identity;q=0.3
      Accept:
      - "*/*"
  response:
    status:
      code: 200
      message: OK
    headers:
      Cache-Control:
      - no-cache, no-store, max-age=0, must-revalidate
      Date:
      - Mon, 12 Jan 2026 10:37:53 GMT
      Pragma:
      - no-cache
      Expires:
      - Mon, 01 Jan 1990 00:00:00 GMT
      Content-Type:
      - application/json; charset=utf-8
      Vary:
      - Origin
      - Referer
      - X-Origin
      Server:
      - scaffolding on HTTPServer2
      X-Xss-Protection:
      - '0'
      X-Frame-Options:
      - SAMEORIGIN
      X-Content-Type-Options:
      - nosniff
      Alt-Svc:
      - h3=":443"; ma=2592000,h3-29=":443"; ma=2592000
      Transfer-Encoding:
      - chunked
    body:
      encoding: ASCII-8BIT
      string: |-
        {
          "access_token": "<GOOGLE_ACCESS_TOKEN>",
          "expires_in": 3599,
          "scope": "openid https://www.googleapis.com/auth/userinfo.email https://www.googleapis.com/auth/cloud-platform https://www.googleapis.com/auth/sqlservice.login",
          "token_type": "Bearer",
          "id_token": "<GOOGLE_ID_TOKEN>"
        }
  recorded_at: Mon, 12 Jan 2026 10:37:53 GMT
- request:
    method: post
    uri: https://aiplatform.googleapis.com/v1beta1/projects/<GOOGLE_CLOUD_PROJECT>/locations/<GOOGLE_CLOUD_LOCATION>/publishers/google/models/gemini-2.5-flash:generateContent
    body:
      encoding: UTF-8
      string: '{"contents":[{"role":"user","parts":[{"text":"What''s the best language
        to learn?"}]}],"generationConfig":{},"tools":[{"functionDeclarations":[{"name":"best_language_to_learn","description":"Gets
        the best language to learn"}]}]}'
    headers:
      User-Agent:
      - Faraday v2.14.0
      Authorization:
      - Bearer <GOOGLE_BEARER_TOKEN>
      Content-Type:
      - application/json
      Accept-Encoding:
      - gzip;q=1.0,deflate;q=0.6,identity;q=0.3
      Accept:
      - "*/*"
  response:
    status:
      code: 200
      message: OK
    headers:
      Content-Type:
      - application/json; charset=UTF-8
      Vary:
      - Origin
      - Referer
      - X-Origin
      Date:
      - Mon, 12 Jan 2026 10:37:54 GMT
      Server:
      - scaffolding on HTTPServer2
      X-Xss-Protection:
      - '0'
      X-Frame-Options:
      - SAMEORIGIN
      X-Content-Type-Options:
      - nosniff
      Alt-Svc:
      - h3=":443"; ma=2592000,h3-29=":443"; ma=2592000
      Transfer-Encoding:
      - chunked
    body:
      encoding: ASCII-8BIT
      string: |
        {
          "candidates": [
            {
              "content": {
                "role": "model",
                "parts": [
                  {
                    "functionCall": {
                      "name": "best_language_to_learn",
                      "args": {}
                    },
                    "thoughtSignature": "CoEDAY89a19I54ubrLwdKcw+RYaBONwB9QfycMWehZ3B+lPFNqQ5wNCI7L1EIx/eHVS/xq6sdV8evNcaTDuwU36NZfw8Gr9Erjp6Rf9CcZnzrf5hjEBAfaO/Zxfn85O//F7oeqoFxvwXmKDQcY//ujCIsay+LZR+e7s34qYORmmqf40mBOEExKmK3xpOK2QRW/6BN/Yx2J8DyUKL2XOvx+/aHxFsC0InOCNLC2vxTAPiGmoYCpZ3mNf/0COFHFjCM4/u7wZU7mHF2J3CSFjuQ/w60VrbVfpvdvBD8sxMlVYf9sit+fP5FZiga5pNuXtPsQ+PtNQv0FkWpwWVDzysHvwoH7xePK1Z+AudwPOx8KSxJDW+Rwo6xHiw4bi1DnsUqMf+nxVrfS2NYHt5nQS88vZD9LAdUN0plGMQ934COPKnFrrCk/doovraRgH43zlCLio/t0UNu9tKWHyWwAFD79+fO7FeC0UZ3GplCxKkJdq1Iu/jHjQ29k+gJYjI7jfAYHoA9w=="
                  }
                ]
              },
              "finishReason": "STOP",
              "avgLogprobs": -2.3280677795410156
            }
          ],
          "usageMetadata": {
            "promptTokenCount": 22,
            "candidatesTokenCount": 7,
            "totalTokenCount": 109,
            "trafficType": "ON_DEMAND",
            "promptTokensDetails": [
              {
                "modality": "TEXT",
                "tokenCount": 22
              }
            ],
            "candidatesTokensDetails": [
              {
                "modality": "TEXT",
                "tokenCount": 7
              }
            ],
            "thoughtsTokenCount": 80
          },
          "modelVersion": "gemini-2.5-flash",
          "createTime": "2026-01-12T10:37:53.772916Z",
          "responseId": "Ac9kabSWL_y-hcIPqM_4sA4"
        }
  recorded_at: Mon, 12 Jan 2026 10:37:54 GMT
- request:
    method: post
    uri: https://aiplatform.googleapis.com/v1beta1/projects/<GOOGLE_CLOUD_PROJECT>/locations/<GOOGLE_CLOUD_LOCATION>/publishers/google/models/gemini-2.5-flash:generateContent
    body:
      encoding: UTF-8
      string: '{"contents":[{"role":"user","parts":[{"text":"What''s the best language
        to learn?"}]},{"role":"model","parts":[{"functionCall":{"name":"best_language_to_learn","args":{}}}]},{"role":"function","parts":[{"functionResponse":{"name":"best_language_to_learn","response":{"name":"best_language_to_learn","content":[{"text":"Ruby"}]}}}]}],"generationConfig":{},"tools":[{"functionDeclarations":[{"name":"best_language_to_learn","description":"Gets
        the best language to learn"}]}]}'
    headers:
      User-Agent:
      - Faraday v2.14.0
      Authorization:
      - Bearer <GOOGLE_BEARER_TOKEN>
      Content-Type:
      - application/json
      Accept-Encoding:
      - gzip;q=1.0,deflate;q=0.6,identity;q=0.3
      Accept:
      - "*/*"
  response:
    status:
      code: 200
      message: OK
    headers:
      Content-Type:
      - application/json; charset=UTF-8
      Vary:
      - Origin
      - Referer
      - X-Origin
      Date:
      - Mon, 12 Jan 2026 10:37:55 GMT
      Server:
      - scaffolding on HTTPServer2
      X-Xss-Protection:
      - '0'
      X-Frame-Options:
      - SAMEORIGIN
      X-Content-Type-Options:
      - nosniff
      Alt-Svc:
      - h3=":443"; ma=2592000,h3-29=":443"; ma=2592000
      Transfer-Encoding:
      - chunked
    body:
      encoding: ASCII-8BIT
      string: |
        {
          "candidates": [
            {
              "content": {
                "role": "model",
                "parts": [
                  {
                    "text": "The best language to learn is Ruby."
                  }
                ]
              },
              "finishReason": "STOP",
              "avgLogprobs": -0.33827725052833557
            }
          ],
          "usageMetadata": {
            "promptTokenCount": 47,
            "candidatesTokenCount": 8,
            "totalTokenCount": 55,
            "trafficType": "ON_DEMAND",
            "promptTokensDetails": [
              {
                "modality": "TEXT",
                "tokenCount": 47
              }
            ],
            "candidatesTokensDetails": [
              {
                "modality": "TEXT",
                "tokenCount": 8
              }
            ]
          },
          "modelVersion": "gemini-2.5-flash",
          "createTime": "2026-01-12T10:37:54.834540Z",
          "responseId": "As9kaez3MuLImLAPo9W3GA"
        }
  recorded_at: Mon, 12 Jan 2026 10:37:55 GMT
recorded_with: VCR 6.4.0
